Rack::File headers parameter replaces cache_control after Rack 1.5.
/home/rms/OLDHome/rms/Documents/rails_proj/sample_app/config/routes.rb:5:in `block (3 levels) in <top (required)>': undefined local variable or method `followers' for #<ActionDispatch::Routing::Mapper:0x0000000413acf0> (NameError)
	from /home/rms/.rbenv/versions/1.9.3-p327/lib/ruby/gems/1.9.1/gems/actionpack-3.2.11/lib/action_dispatch/routing/mapper.rb:1194:in `block (2 levels) in member'
	from /home/rms/.rbenv/versions/1.9.3-p327/lib/ruby/gems/1.9.1/gems/actionpack-3.2.11/lib/action_dispatch/routing/mapper.rb:624:in `scope'
	from /home/rms/.rbenv/versions/1.9.3-p327/lib/ruby/gems/1.9.1/gems/actionpack-3.2.11/lib/action_dispatch/routing/mapper.rb:1193:in `block in member'
	from /home/rms/.rbenv/versions/1.9.3-p327/lib/ruby/gems/1.9.1/gems/actionpack-3.2.11/lib/action_dispatch/routing/mapper.rb:1393:in `with_scope_level'
	from /home/rms/.rbenv/versions/1.9.3-p327/lib/ruby/gems/1.9.1/gems/actionpack-3.2.11/lib/action_dispatch/routing/mapper.rb:1192:in `member'
	from /home/rms/OLDHome/rms/Documents/rails_proj/sample_app/config/routes.rb:4:in `block (2 levels) in <top (required)>'
	from /home/rms/.rbenv/versions/1.9.3-p327/lib/ruby/gems/1.9.1/gems/actionpack-3.2.11/lib/action_dispatch/routing/mapper.rb:1130:in `block in resources'
	from /home/rms/.rbenv/versions/1.9.3-p327/lib/ruby/gems/1.9.1/gems/actionpack-3.2.11/lib/action_dispatch/routing/mapper.rb:1402:in `block (2 levels) in resource_scope'
	from /home/rms/.rbenv/versions/1.9.3-p327/lib/ruby/gems/1.9.1/gems/actionpack-3.2.11/lib/action_dispatch/routing/mapper.rb:624:in `scope'
	from /home/rms/.rbenv/versions/1.9.3-p327/lib/ruby/gems/1.9.1/gems/actionpack-3.2.11/lib/action_dispatch/routing/mapper.rb:1401:in `block in resource_scope'
	from /home/rms/.rbenv/versions/1.9.3-p327/lib/ruby/gems/1.9.1/gems/actionpack-3.2.11/lib/action_dispatch/routing/mapper.rb:1393:in `with_scope_level'
	from /home/rms/.rbenv/versions/1.9.3-p327/lib/ruby/gems/1.9.1/gems/actionpack-3.2.11/lib/action_dispatch/routing/mapper.rb:1400:in `resource_scope'
	from /home/rms/.rbenv/versions/1.9.3-p327/lib/ruby/gems/1.9.1/gems/actionpack-3.2.11/lib/action_dispatch/routing/mapper.rb:1129:in `resources'
	from /home/rms/OLDHome/rms/Documents/rails_proj/sample_app/config/routes.rb:3:in `block in <top (required)>'
	from /home/rms/.rbenv/versions/1.9.3-p327/lib/ruby/gems/1.9.1/gems/actionpack-3.2.11/lib/action_dispatch/routing/route_set.rb:282:in `instance_exec'
	from /home/rms/.rbenv/versions/1.9.3-p327/lib/ruby/gems/1.9.1/gems/actionpack-3.2.11/lib/action_dispatch/routing/route_set.rb:282:in `eval_block'
	from /home/rms/.rbenv/versions/1.9.3-p327/lib/ruby/gems/1.9.1/gems/actionpack-3.2.11/lib/action_dispatch/routing/route_set.rb:260:in `draw'
	from /home/rms/OLDHome/rms/Documents/rails_proj/sample_app/config/routes.rb:1:in `<top (required)>'
	from /home/rms/.rbenv/versions/1.9.3-p327/lib/ruby/gems/1.9.1/gems/activesupport-3.2.11/lib/active_support/dependencies.rb:245:in `load'
	from /home/rms/.rbenv/versions/1.9.3-p327/lib/ruby/gems/1.9.1/gems/activesupport-3.2.11/lib/active_support/dependencies.rb:245:in `block in load'
	from /home/rms/.rbenv/versions/1.9.3-p327/lib/ruby/gems/1.9.1/gems/activesupport-3.2.11/lib/active_support/dependencies.rb:236:in `load_dependency'
	from /home/rms/.rbenv/versions/1.9.3-p327/lib/ruby/gems/1.9.1/gems/activesupport-3.2.11/lib/active_support/dependencies.rb:245:in `load'
	from /home/rms/.rbenv/versions/1.9.3-p327/lib/ruby/gems/1.9.1/gems/railties-3.2.11/lib/rails/application/routes_reloader.rb:40:in `block in load_paths'
	from /home/rms/.rbenv/versions/1.9.3-p327/lib/ruby/gems/1.9.1/gems/railties-3.2.11/lib/rails/application/routes_reloader.rb:40:in `each'
	from /home/rms/.rbenv/versions/1.9.3-p327/lib/ruby/gems/1.9.1/gems/railties-3.2.11/lib/rails/application/routes_reloader.rb:40:in `load_paths'
	from /home/rms/.rbenv/versions/1.9.3-p327/lib/ruby/gems/1.9.1/gems/railties-3.2.11/lib/rails/application/routes_reloader.rb:16:in `reload!'
	from /home/rms/.rbenv/versions/1.9.3-p327/lib/ruby/gems/1.9.1/gems/railties-3.2.11/lib/rails/application/routes_reloader.rb:26:in `block in updater'
	from /home/rms/.rbenv/versions/1.9.3-p327/lib/ruby/gems/1.9.1/gems/activesupport-3.2.11/lib/active_support/file_update_checker.rb:78:in `call'
	from /home/rms/.rbenv/versions/1.9.3-p327/lib/ruby/gems/1.9.1/gems/activesupport-3.2.11/lib/active_support/file_update_checker.rb:78:in `execute'
	from /home/rms/.rbenv/versions/1.9.3-p327/lib/ruby/gems/1.9.1/gems/railties-3.2.11/lib/rails/application/routes_reloader.rb:27:in `updater'
	from /home/rms/.rbenv/versions/1.9.3-p327/lib/ruby/gems/1.9.1/gems/railties-3.2.11/lib/rails/application/routes_reloader.rb:7:in `execute_if_updated'
	from /home/rms/.rbenv/versions/1.9.3-p327/lib/ruby/gems/1.9.1/gems/railties-3.2.11/lib/rails/application/finisher.rb:66:in `block in <module:Finisher>'
	from /home/rms/.rbenv/versions/1.9.3-p327/lib/ruby/gems/1.9.1/gems/railties-3.2.11/lib/rails/initializable.rb:30:in `instance_exec'
	from /home/rms/.rbenv/versions/1.9.3-p327/lib/ruby/gems/1.9.1/gems/railties-3.2.11/lib/rails/initializable.rb:30:in `run'
	from /home/rms/.rbenv/versions/1.9.3-p327/lib/ruby/gems/1.9.1/gems/railties-3.2.11/lib/rails/initializable.rb:55:in `block in run_initializers'
	from /home/rms/.rbenv/versions/1.9.3-p327/lib/ruby/gems/1.9.1/gems/railties-3.2.11/lib/rails/initializable.rb:54:in `each'
	from /home/rms/.rbenv/versions/1.9.3-p327/lib/ruby/gems/1.9.1/gems/railties-3.2.11/lib/rails/initializable.rb:54:in `run_initializers'
	from /home/rms/.rbenv/versions/1.9.3-p327/lib/ruby/gems/1.9.1/gems/railties-3.2.11/lib/rails/application.rb:136:in `initialize!'
	from /home/rms/.rbenv/versions/1.9.3-p327/lib/ruby/gems/1.9.1/gems/railties-3.2.11/lib/rails/railtie/configurable.rb:30:in `method_missing'
	from /home/rms/OLDHome/rms/Documents/rails_proj/sample_app/config/environment.rb:5:in `<top (required)>'
	from /home/rms/OLDHome/rms/Documents/rails_proj/sample_app/spec/spec_helper.rb:3:in `require'
	from /home/rms/OLDHome/rms/Documents/rails_proj/sample_app/spec/spec_helper.rb:3:in `<top (required)>'
	from /home/rms/OLDHome/rms/Documents/rails_proj/sample_app/spec/requests/static_pages_spec.rb:1:in `require'
	from /home/rms/OLDHome/rms/Documents/rails_proj/sample_app/spec/requests/static_pages_spec.rb:1:in `<top (required)>'
	from /home/rms/.rbenv/versions/1.9.3-p327/lib/ruby/gems/1.9.1/gems/rspec-core-2.11.1/lib/rspec/core/configuration.rb:780:in `load'
	from /home/rms/.rbenv/versions/1.9.3-p327/lib/ruby/gems/1.9.1/gems/rspec-core-2.11.1/lib/rspec/core/configuration.rb:780:in `block in load_spec_files'
	from /home/rms/.rbenv/versions/1.9.3-p327/lib/ruby/gems/1.9.1/gems/rspec-core-2.11.1/lib/rspec/core/configuration.rb:780:in `map'
	from /home/rms/.rbenv/versions/1.9.3-p327/lib/ruby/gems/1.9.1/gems/rspec-core-2.11.1/lib/rspec/core/configuration.rb:780:in `load_spec_files'
	from /home/rms/.rbenv/versions/1.9.3-p327/lib/ruby/gems/1.9.1/gems/rspec-core-2.11.1/lib/rspec/core/command_line.rb:22:in `run'
	from /home/rms/.rbenv/versions/1.9.3-p327/lib/ruby/gems/1.9.1/gems/rspec-core-2.11.1/lib/rspec/core/runner.rb:69:in `run'
	from /home/rms/.rbenv/versions/1.9.3-p327/lib/ruby/gems/1.9.1/gems/rspec-core-2.11.1/lib/rspec/core/runner.rb:8:in `block in autorun'
